// Jest Snapshot v1, https://goo.gl/fbAQLP

exports[`<REQUEST CARD /> should render request card 1`] = `ShallowWrapper {}`;

exports[`AdminPage component should match snapshot 1`] = `ShallowWrapper {}`;
