// Jest Snapshot v1, https://goo.gl/fbAQLP

exports[`Interest component should match snapshot 1`] = `
<InterestForm
  officeList={Object {}}
  partyList={Object {}}
/>
`;
