// Jest Snapshot v1, https://goo.gl/fbAQLP

exports[`SIGNUP component should match snapshot 1`] = `<Signup />`;
